This is pdfTeX, Version 3.141592653-2.6-1.40.29 (TeX Live 2026) (preloaded format=pdflatex 2026.3.9)  28 AUG 2026 20:19
entering extended mode
 restricted \write18 enabled.
 %&-line parsing enabled.
**main.tex
(./main.tex
LaTeX2e <2025-11-01>
L3 programming layer <2026-01-19>
(/Users/ntmucke/Library/texmf/tex/latex/base/article.cls
Document Class: article 2025/01/22 v1.4n Standard LaTeX document class
(/Users/ntmucke/Library/texmf/tex/latex/base/size11.clo
File: size11.clo 2025/01/22 v1.4n Standard LaTeX file (size option)
)
\c@part=\count275
\c@section=\count276
\c@subsection=\count277
\c@subsubsection=\count278
\c@paragraph=\count279
\c@subparagraph=\count280
\c@figure=\count281
\c@table=\count282
\abovecaptionskip=\skip49
\belowcaptionskip=\skip50
\bibindent=\dimen148
)
(/Users/ntmucke/Library/texmf/tex/latex/geometry/geometry.sty
Package: geometry 2020/01/02 v5.9 Page Geometry

(/Users/ntmucke/Library/texmf/tex/latex/graphics/keyval.sty
Package: keyval 2022/05/29 v1.15 key=value parser (DPC)
\KV@toks@=\toks17
)
(/usr/local/texlive/2026/texmf-dist/tex/generic/iftex/ifvtex.sty
Package: ifvtex 2019/10/25 v1.7 ifvtex legacy package. Use iftex instead.

(/usr/local/texlive/2026/texmf-dist/tex/generic/iftex/iftex.sty
Package: iftex 2024/12/12 v1.0g TeX engine tests
))
\Gm@cnth=\count283
\Gm@cntv=\count284
\c@Gm@tempcnt=\count285
\Gm@bindingoffset=\dimen149
\Gm@wd@mp=\dimen150
\Gm@odd@mp=\dimen151
\Gm@even@mp=\dimen152
\Gm@layoutwidth=\dimen153
\Gm@layoutheight=\dimen154
\Gm@layouthoffset=\dimen155
\Gm@layoutvoffset=\dimen156
\Gm@dimlist=\toks18
)
(/Users/ntmucke/Library/texmf/tex/latex/graphics/graphicx.sty
Package: graphicx 2024/12/31 v1.2e Enhanced LaTeX Graphics (DPC,SPQR)

(/Users/ntmucke/Library/texmf/tex/latex/graphics/graphics.sty
Package: graphics 2024/08/06 v1.4g Standard LaTeX Graphics (DPC,SPQR)

(/Users/ntmucke/Library/texmf/tex/latex/graphics/trig.sty
Package: trig 2023/12/02 v1.11 sin cos tan (DPC)
)
(/usr/local/texlive/2026/texmf-dist/tex/latex/graphics-cfg/graphics.cfg
File: graphics.cfg 2016/06/04 v1.11 sample graphics configuration
)
Package graphics Info: Driver file: pdftex.def on input line 106.

(/usr/local/texlive/2026/texmf-dist/tex/latex/graphics-def/pdftex.def
File: pdftex.def 2025/09/29 v1.2d Graphics/color driver for pdftex
))
\Gin@req@height=\dimen157
\Gin@req@width=\dimen158
)
(/Users/ntmucke/Library/texmf/tex/latex/booktabs/booktabs.sty
Package: booktabs 2020/01/12 v1.61803398 Publication quality tables
\heavyrulewidth=\dimen159
\lightrulewidth=\dimen160
\cmidrulewidth=\dimen161
\belowrulesep=\dimen162
\belowbottomsep=\dimen163
\aboverulesep=\dimen164
\abovetopsep=\dimen165
\cmidrulesep=\dimen166
\cmidrulekern=\dimen167
\defaultaddspace=\dimen168
\@cmidla=\count286
\@cmidlb=\count287
\@aboverulesep=\dimen169
\@belowrulesep=\dimen170
\@thisruleclass=\count288
\@lastruleclass=\count289
\@thisrulewidth=\dimen171
)
(/Users/ntmucke/Library/texmf/tex/latex/tools/longtable.sty
Package: longtable 2025-10-13 v4.24 Multi-page Table package (DPC)
\LTleft=\skip51
\LTright=\skip52
\LTpre=\skip53
\LTpost=\skip54
\LTchunksize=\count290
\LTcapwidth=\dimen172
\LT@head=\box53
\LT@firsthead=\box54
\LT@foot=\box55
\LT@lastfoot=\box56
\LT@gbox=\box57
\LT@cols=\count291
\LT@rows=\count292
\c@LT@tables=\count293
\c@LT@chunks=\count294
\LT@p@ftn=\toks19
)
(/Users/ntmucke/Library/texmf/tex/latex/tools/array.sty
Package: array 2025/09/25 v2.6n Tabular extension package (FMi)
\col@sep=\dimen173
\ar@mcellbox=\box58
\extrarowheight=\dimen174
\NC@list=\toks20
\extratabsurround=\skip55
\backup@length=\skip56
\ar@cellbox=\box59
)
(/usr/local/texlive/2026/texmf-dist/tex/latex/multirow/multirow.sty
Package: multirow 2024/11/12 v2.9 Span multiple rows of a table
\multirow@colwidth=\skip57
\multirow@cntb=\count295
\multirow@dima=\skip58
\bigstrutjot=\dimen175
)
(/usr/local/texlive/2026/texmf-dist/tex/latex/siunitx/siunitx.sty
Package: siunitx 2025-07-09 v3.4.14 A comprehensive (SI) units package
\l__siunitx_number_uncert_offset_int=\count296
\l__siunitx_number_exponent_fixed_int=\count297
\l__siunitx_number_min_decimal_int=\count298
\l__siunitx_number_min_integer_int=\count299
\l__siunitx_number_round_precision_int=\count300
\l__siunitx_number_lower_threshold_int=\count301
\l__siunitx_number_upper_threshold_int=\count302
\l__siunitx_number_group_first_int=\count303
\l__siunitx_number_group_size_int=\count304
\l__siunitx_number_group_minimum_int=\count305
\l__siunitx_angle_tmp_dim=\dimen176
\l__siunitx_angle_marker_box=\box60
\l__siunitx_angle_unit_box=\box61
\l__siunitx_compound_count_int=\count306

(/usr/local/texlive/2026/texmf-dist/tex/latex/translations/translations.sty
Package: translations 2022/02/05 v1.12 internationalization of LaTeX2e packages
 (CN)

(/usr/local/texlive/2026/texmf-dist/tex/latex/etoolbox/etoolbox.sty
Package: etoolbox 2025/10/02 v2.5m e-TeX tools for LaTeX (JAW)
\etb@tempcnta=\count307
)
(/usr/local/texlive/2026/texmf-dist/tex/generic/pdftexcmds/pdftexcmds.sty
Package: pdftexcmds 2020-06-27 v0.33 Utility functions of pdfTeX for LuaTeX (HO
)

(/usr/local/texlive/2026/texmf-dist/tex/generic/infwarerr/infwarerr.sty
Package: infwarerr 2019/12/03 v1.5 Providing info/warning/error messages (HO)
)
(/usr/local/texlive/2026/texmf-dist/tex/generic/ltxcmds/ltxcmds.sty
Package: ltxcmds 2023-12-04 v1.26 LaTeX kernel commands for general use (HO)
)
Package pdftexcmds Info: \pdf@primitive is available.
Package pdftexcmds Info: \pdf@ifprimitive is available.
Package pdftexcmds Info: \pdfdraftmode found.
))
(/Users/ntmucke/Library/texmf/tex/latex/amsmath/amstext.sty
Package: amstext 2024/11/17 v2.01 AMS text

(/Users/ntmucke/Library/texmf/tex/latex/amsmath/amsgen.sty
File: amsgen.sty 1999/11/30 v2.0 generic functions
\@emptytoks=\toks21
\ex@=\dimen177
))
\l__siunitx_table_tmp_box=\box62
\l__siunitx_table_tmp_dim=\dimen178
\l__siunitx_table_column_width_dim=\dimen179
\l__siunitx_table_integer_box=\box63
\l__siunitx_table_decimal_box=\box64
\l__siunitx_table_uncert_box=\box65
\l__siunitx_table_before_box=\box66
\l__siunitx_table_after_box=\box67
\l__siunitx_table_before_dim=\dimen180
\l__siunitx_table_carry_dim=\dimen181
\l__siunitx_unit_tmp_int=\count308
\l__siunitx_unit_position_int=\count309
\l__siunitx_unit_total_int=\count310
)
(/Users/ntmucke/Library/texmf/tex/latex/xcolor/xcolor.sty
Package: xcolor 2024/09/29 v3.02 LaTeX color extensions (UK)

(/usr/local/texlive/2026/texmf-dist/tex/latex/graphics-cfg/color.cfg
File: color.cfg 2016/01/02 v1.6 sample color configuration
)
Package xcolor Info: Driver file: pdftex.def on input line 274.

(/Users/ntmucke/Library/texmf/tex/latex/graphics/mathcolor.ltx)
Package xcolor Info: Model `cmy' substituted by `cmy0' on input line 1349.
Package xcolor Info: Model `hsb' substituted by `rgb' on input line 1353.
Package xcolor Info: Model `RGB' extended on input line 1365.
Package xcolor Info: Model `HTML' substituted by `rgb' on input line 1367.
Package xcolor Info: Model `Hsb' substituted by `hsb' on input line 1368.
Package xcolor Info: Model `tHsb' substituted by `hsb' on input line 1369.
Package xcolor Info: Model `HSB' substituted by `hsb' on input line 1370.
Package xcolor Info: Model `Gray' substituted by `gray' on input line 1371.
Package xcolor Info: Model `wave' substituted by `hsb' on input line 1372.
)
(/Users/ntmucke/Library/texmf/tex/latex/caption/caption.sty
Package: caption 2023/08/05 v3.6o Customizing captions (AR)

(/Users/ntmucke/Library/texmf/tex/latex/caption/caption3.sty
Package: caption3 2023/07/31 v2.4d caption3 kernel (AR)
\caption@tempdima=\dimen182
\captionmargin=\dimen183
\caption@leftmargin=\dimen184
\caption@rightmargin=\dimen185
\caption@width=\dimen186
\caption@indent=\dimen187
\caption@parindent=\dimen188
\caption@hangindent=\dimen189
Package caption Info: Standard document class detected.
)
\c@caption@flags=\count311
\c@continuedfloat=\count312
Package caption Info: longtable package is loaded.

(/Users/ntmucke/Library/texmf/tex/latex/caption/ltcaption.sty
Package: ltcaption 2021/01/08 v1.4c longtable captions (AR)
))
(/Users/ntmucke/Library/texmf/tex/latex/caption/subcaption.sty
Package: subcaption 2023/07/28 v1.6b Sub-captions (AR)
Package caption Info: New subtype `subfigure' on input line 238.
\c@subfigure=\count313
Package caption Info: New subtype `subtable' on input line 238.
\c@subtable=\count314
)
(/Users/ntmucke/Library/texmf/tex/latex/float/float.sty
Package: float 2001/11/08 v1.3d Float enhancements (AL)
\c@float@type=\count315
\float@exts=\toks22
\float@box=\box68
\@float@everytoks=\toks23
\@floatcapt=\box69
)
(/Users/ntmucke/Library/texmf/tex/latex/hyperref/hyperref.sty
Package: hyperref 2026-01-29 v7.01p Hypertext links for LaTeX

(/usr/local/texlive/2026/texmf-dist/tex/latex/kvsetkeys/kvsetkeys.sty
Package: kvsetkeys 2022-10-05 v1.19 Key value parser (HO)
)
(/usr/local/texlive/2026/texmf-dist/tex/generic/kvdefinekeys/kvdefinekeys.sty
Package: kvdefinekeys 2019-12-19 v1.6 Define keys (HO)
)
(/usr/local/texlive/2026/texmf-dist/tex/generic/pdfescape/pdfescape.sty
Package: pdfescape 2019/12/09 v1.15 Implements pdfTeX's escape features (HO)
)
(/usr/local/texlive/2026/texmf-dist/tex/latex/hycolor/hycolor.sty
Package: hycolor 2020-01-27 v1.10 Color options for hyperref/bookmark (HO)
)
(/Users/ntmucke/Library/texmf/tex/latex/hyperref/nameref.sty
Package: nameref 2026-01-29 v2.58 Cross-referencing by name of section

(/usr/local/texlive/2026/texmf-dist/tex/latex/refcount/refcount.sty
Package: refcount 2019/12/15 v3.6 Data extraction from label references (HO)
)
(/usr/local/texlive/2026/texmf-dist/tex/generic/gettitlestring/gettitlestring.s
ty
Package: gettitlestring 2019/12/15 v1.6 Cleanup title references (HO)
 (/usr/local/texlive/2026/texmf-dist/tex/latex/kvoptions/kvoptions.sty
Package: kvoptions 2022-06-15 v3.15 Key value format for package options (HO)
))
\c@section@level=\count316
)
(/usr/local/texlive/2026/texmf-dist/tex/generic/stringenc/stringenc.sty
Package: stringenc 2019/11/29 v1.12 Convert strings between diff. encodings (HO
)
)
\@linkdim=\dimen190
\Hy@linkcounter=\count317
\Hy@pagecounter=\count318

(/Users/ntmucke/Library/texmf/tex/latex/hyperref/pd1enc.def
File: pd1enc.def 2026-01-29 v7.01p Hyperref: PDFDocEncoding definition (HO)
Now handling font encoding PD1 ...
... no UTF-8 mapping file for font encoding PD1
)
(/usr/local/texlive/2026/texmf-dist/tex/generic/intcalc/intcalc.sty
Package: intcalc 2019/12/15 v1.3 Expandable calculations with integers (HO)
)
\Hy@SavedSpaceFactor=\count319

(/Users/ntmucke/Library/texmf/tex/latex/hyperref/puenc.def
File: puenc.def 2026-01-29 v7.01p Hyperref: PDF Unicode definition (HO)
Now handling font encoding PU ...
... no UTF-8 mapping file for font encoding PU
)
Package hyperref Info: Hyper figures OFF on input line 4201.
Package hyperref Info: Link nesting OFF on input line 4206.
Package hyperref Info: Hyper index ON on input line 4209.
Package hyperref Info: Plain pages OFF on input line 4216.
Package hyperref Info: Backreferencing OFF on input line 4221.
Package hyperref Info: Implicit mode ON; LaTeX internals redefined.
Package hyperref Info: Bookmarks ON on input line 4468.
\c@Hy@tempcnt=\count320

(/usr/local/texlive/2026/texmf-dist/tex/latex/url/url.sty
\Urlmuskip=\muskip17
Package: url 2013/09/16  ver 3.4  Verb mode for urls, etc.
)
LaTeX Info: Redefining \url on input line 4807.
\XeTeXLinkMargin=\dimen191

(/usr/local/texlive/2026/texmf-dist/tex/generic/bitset/bitset.sty
Package: bitset 2019/12/09 v1.3 Handle bit-vector datatype (HO)

(/usr/local/texlive/2026/texmf-dist/tex/generic/bigintcalc/bigintcalc.sty
Package: bigintcalc 2019/12/15 v1.5 Expandable calculations on big integers (HO
)
))
\Fld@menulength=\count321
\Field@Width=\dimen192
\Fld@charsize=\dimen193
Package hyperref Info: Hyper figures OFF on input line 6084.
Package hyperref Info: Link nesting OFF on input line 6089.
Package hyperref Info: Hyper index ON on input line 6092.
Package hyperref Info: backreferencing OFF on input line 6099.
Package hyperref Info: Link coloring OFF on input line 6104.
Package hyperref Info: Link coloring with OCG OFF on input line 6109.
Package hyperref Info: PDF/A mode OFF on input line 6114.
\Hy@abspage=\count322
\c@Item=\count323
\c@Hfootnote=\count324
)
Package hyperref Info: Driver (autodetected): hpdftex.

(/Users/ntmucke/Library/texmf/tex/latex/hyperref/hpdftex.def
File: hpdftex.def 2026-01-29 v7.01p Hyperref driver for pdfTeX
\Fld@listcount=\count325
\c@bookmark@seq@number=\count326

(/usr/local/texlive/2026/texmf-dist/tex/latex/rerunfilecheck/rerunfilecheck.sty
Package: rerunfilecheck 2025-06-21 v1.11 Rerun checks for auxiliary files (HO)

(/usr/local/texlive/2026/texmf-dist/tex/generic/uniquecounter/uniquecounter.sty
Package: uniquecounter 2019/12/15 v1.4 Provide unlimited unique counter (HO)
)
Package uniquecounter Info: New unique counter `rerunfilecheck' on input line 2
84.
)
\Hy@SectionHShift=\skip59
) (/Users/ntmucke/Library/texmf/tex/latex/amsmath/amsmath.sty
Package: amsmath 2025/07/09 v2.17z AMS math features
\@mathmargin=\skip60

For additional information on amsmath, use the `?' option.
(/Users/ntmucke/Library/texmf/tex/latex/amsmath/amsbsy.sty
Package: amsbsy 1999/11/29 v1.2d Bold Symbols
\pmbraise@=\dimen194
)
(/Users/ntmucke/Library/texmf/tex/latex/amsmath/amsopn.sty
Package: amsopn 2022/04/08 v2.04 operator names
)
\inf@bad=\count327
LaTeX Info: Redefining \frac on input line 233.
\uproot@=\count328
\leftroot@=\count329
LaTeX Info: Redefining \overline on input line 398.
LaTeX Info: Redefining \colon on input line 409.
\classnum@=\count330
\DOTSCASE@=\count331
LaTeX Info: Redefining \ldots on input line 495.
LaTeX Info: Redefining \dots on input line 498.
LaTeX Info: Redefining \cdots on input line 619.
\Mathstrutbox@=\box70
\strutbox@=\box71
LaTeX Info: Redefining \big on input line 721.
LaTeX Info: Redefining \Big on input line 722.
LaTeX Info: Redefining \bigg on input line 723.
LaTeX Info: Redefining \Bigg on input line 724.
\big@size=\dimen195
LaTeX Font Info:    Redeclaring font encoding OML on input line 742.
LaTeX Font Info:    Redeclaring font encoding OMS on input line 743.
\macc@depth=\count332
LaTeX Info: Redefining \bmod on input line 904.
LaTeX Info: Redefining \pmod on input line 909.
LaTeX Info: Redefining \smash on input line 939.
LaTeX Info: Redefining \relbar on input line 969.
LaTeX Info: Redefining \Relbar on input line 970.
\c@MaxMatrixCols=\count333
\dotsspace@=\muskip18
\c@parentequation=\count334
\dspbrk@lvl=\count335
\tag@help=\toks24
\row@=\count336
\column@=\count337
\maxfields@=\count338
\andhelp@=\toks25
\eqnshift@=\dimen196
\alignsep@=\dimen197
\tagshift@=\dimen198
\tagwidth@=\dimen199
\totwidth@=\dimen256
\lineht@=\dimen257
\@envbody=\toks26
\multlinegap=\skip61
\multlinetaggap=\skip62
\mathdisplay@stack=\toks27
LaTeX Info: Redefining \[ on input line 2950.
LaTeX Info: Redefining \] on input line 2951.
)
(/usr/local/texlive/2026/texmf-dist/tex/latex/enumitem/enumitem.sty
Package: enumitem 2025/02/06 v3.11 Customized lists
\labelindent=\skip63
\enit@outerparindent=\dimen258
\enit@toks=\toks28
\enit@inbox=\box72
\enit@count@id=\count339
\enitdp@description=\count340
)
(/Users/ntmucke/Library/texmf/tex/latex/tools/tabularx.sty
Package: tabularx 2023/12/11 v2.12a `tabularx' package (DPC)
\TX@col@width=\dimen259
\TX@old@table=\dimen260
\TX@old@col=\dimen261
\TX@target=\dimen262
\TX@delta=\dimen263
\TX@cols=\count341
\TX@ftn=\toks29
)
(/usr/local/texlive/2026/texmf-dist/tex/latex/adjustbox/adjustbox.sty
Package: adjustbox 2025/02/26 v1.3c Adjusting TeX boxes (trim, clip, ...)

(/usr/local/texlive/2026/texmf-dist/tex/latex/xkeyval/xkeyval.sty
Package: xkeyval 2025/11/04 v2.10 package option processing (HA)

(/usr/local/texlive/2026/texmf-dist/tex/generic/xkeyval/xkeyval.tex
(/usr/local/texlive/2026/texmf-dist/tex/generic/xkeyval/xkvutils.tex
\XKV@toks=\toks30
\XKV@tempa@toks=\toks31
\XKV@tempb@toks=\toks32
)
\XKV@depth=\count342
File: xkeyval.tex 2014/12/03 v2.7a key=value parser (HA)
))
(/usr/local/texlive/2026/texmf-dist/tex/latex/adjustbox/adjcalc.sty
Package: adjcalc 2012/05/16 v1.1 Provides advanced setlength with multiple back
-ends (calc, etex, pgfmath)
)
(/usr/local/texlive/2026/texmf-dist/tex/latex/adjustbox/trimclip.sty
Package: trimclip 2025/02/21 v1.2a Trim and clip general TeX material

(/usr/local/texlive/2026/texmf-dist/tex/latex/collectbox/collectbox.sty
Package: collectbox 2022/10/17 v0.4c Collect macro arguments as boxes
\collectedbox=\box73
)
\tc@llx=\dimen264
\tc@lly=\dimen265
\tc@urx=\dimen266
\tc@ury=\dimen267
Package trimclip Info: Using driver 'tc-pdftex.def'.

(/usr/local/texlive/2026/texmf-dist/tex/latex/adjustbox/tc-pdftex.def
File: tc-pdftex.def 2025/02/26 v2.3 Clipping driver for pdftex
))
\adjbox@Width=\dimen268
\adjbox@Height=\dimen269
\adjbox@Depth=\dimen270
\adjbox@Totalheight=\dimen271
\adjbox@pwidth=\dimen272
\adjbox@pheight=\dimen273
\adjbox@pdepth=\dimen274
\adjbox@ptotalheight=\dimen275

(/usr/local/texlive/2026/texmf-dist/tex/latex/ifoddpage/ifoddpage.sty
Package: ifoddpage 2022/10/18 v1.2 Conditionals for odd/even page detection
\c@checkoddpage=\count343
)
(/usr/local/texlive/2026/texmf-dist/tex/latex/varwidth/varwidth.sty
Package: varwidth 2009/03/30 ver 0.92;  Variable-width minipages
\@vwid@box=\box74
\sift@deathcycles=\count344
\@vwid@loff=\dimen276
\@vwid@roff=\dimen277
)
==> First Aid for varwidth.sty applied!
) (/usr/local/texlive/2026/texmf-dist/tex/latex/microtype/microtype.sty
Package: microtype 2026/03/01 v3.2d Micro-typographical refinements (RS)
\MT@toks=\toks33
\MT@tempbox=\box75
\MT@count=\count345
LaTeX Info: Redefining \noprotrusionifhmode on input line 1084.
LaTeX Info: Redefining \leftprotrusion on input line 1085.
\MT@prot@toks=\toks34
LaTeX Info: Redefining \rightprotrusion on input line 1104.
LaTeX Info: Redefining \textls on input line 1449.
\MT@outer@kern=\dimen278
LaTeX Info: Redefining \microtypecontext on input line 2053.
LaTeX Info: Redefining \textmicrotypecontext on input line 2070.
\MT@listname@count=\count346

(/usr/local/texlive/2026/texmf-dist/tex/latex/microtype/microtype-pdftex.def
File: microtype-pdftex.def 2026/03/01 v3.2d Definitions specific to pdftex (RS)

LaTeX Info: Redefining \lsstyle on input line 944.
LaTeX Info: Redefining \lslig on input line 944.
\MT@outer@space=\skip64
)
Package microtype Info: Loading configuration file microtype.cfg.

(/usr/local/texlive/2026/texmf-dist/tex/latex/microtype/microtype.cfg
File: microtype.cfg 2026/03/01 v3.2d microtype main configuration file (RS)
)
LaTeX Info: Redefining \microtypesetup on input line 3065.
)
(/usr/local/texlive/2026/texmf-dist/tex/latex/pgf/frontendlayer/tikz.sty
(/usr/local/texlive/2026/texmf-dist/tex/latex/pgf/basiclayer/pgf.sty
(/usr/local/texlive/2026/texmf-dist/tex/latex/pgf/utilities/pgfrcs.sty
(/usr/local/texlive/2026/texmf-dist/tex/generic/pgf/utilities/pgfutil-common.te
x
\pgfutil@everybye=\toks35
\pgfutil@tempdima=\dimen279
\pgfutil@tempdimb=\dimen280
)
(/usr/local/texlive/2026/texmf-dist/tex/generic/pgf/utilities/pgfutil-latex.def
\pgfutil@abb=\box76
) (/usr/local/texlive/2026/texmf-dist/tex/generic/pgf/utilities/pgfrcs.code.tex
(/usr/local/texlive/2026/texmf-dist/tex/generic/pgf/pgf.revision.tex)
Package: pgfrcs 2025-08-29 v3.1.11a (3.1.11a)
))
Package: pgf 2025-08-29 v3.1.11a (3.1.11a)

(/usr/local/texlive/2026/texmf-dist/tex/latex/pgf/basiclayer/pgfcore.sty
(/usr/local/texlive/2026/texmf-dist/tex/latex/pgf/systemlayer/pgfsys.sty
(/usr/local/texlive/2026/texmf-dist/tex/generic/pgf/systemlayer/pgfsys.code.tex
Package: pgfsys 2025-08-29 v3.1.11a (3.1.11a)
(/usr/local/texlive/2026/texmf-dist/tex/generic/pgf/utilities/pgfkeys.code.tex
\pgfkeys@pathtoks=\toks36
\pgfkeys@temptoks=\toks37

(/usr/local/texlive/2026/texmf-dist/tex/generic/pgf/utilities/pgfkeyslibraryfil
tered.code.tex
\pgfkeys@tmptoks=\toks38
))
\pgf@x=\dimen281
\pgf@y=\dimen282
\pgf@xa=\dimen283
\pgf@ya=\dimen284
\pgf@xb=\dimen285
\pgf@yb=\dimen286
\pgf@xc=\dimen287
\pgf@yc=\dimen288
\pgf@xd=\dimen289
\pgf@yd=\dimen290
\w@pgf@writea=\write3
\r@pgf@reada=\read2
\c@pgf@counta=\count347
\c@pgf@countb=\count348
\c@pgf@countc=\count349
\c@pgf@countd=\count350
\t@pgf@toka=\toks39
\t@pgf@tokb=\toks40
\t@pgf@tokc=\toks41
\pgf@sys@id@count=\count351

(/usr/local/texlive/2026/texmf-dist/tex/generic/pgf/systemlayer/pgf.cfg
File: pgf.cfg 2025-08-29 v3.1.11a (3.1.11a)
)
Driver file for pgf: pgfsys-pdftex.def

(/usr/local/texlive/2026/texmf-dist/tex/generic/pgf/systemlayer/pgfsys-pdftex.d
ef
File: pgfsys-pdftex.def 2025-08-29 v3.1.11a (3.1.11a)

(/usr/local/texlive/2026/texmf-dist/tex/generic/pgf/systemlayer/pgfsys-common-p
df.def
File: pgfsys-common-pdf.def 2025-08-29 v3.1.11a (3.1.11a)
)))
(/usr/local/texlive/2026/texmf-dist/tex/generic/pgf/systemlayer/pgfsyssoftpath.
code.tex
File: pgfsyssoftpath.code.tex 2025-08-29 v3.1.11a (3.1.11a)
\pgfsyssoftpath@smallbuffer@items=\count352
\pgfsyssoftpath@bigbuffer@items=\count353
)
(/usr/local/texlive/2026/texmf-dist/tex/generic/pgf/systemlayer/pgfsysprotocol.
code.tex
File: pgfsysprotocol.code.tex 2025-08-29 v3.1.11a (3.1.11a)
))
(/usr/local/texlive/2026/texmf-dist/tex/generic/pgf/basiclayer/pgfcore.code.tex
Package: pgfcore 2025-08-29 v3.1.11a (3.1.11a)
(/usr/local/texlive/2026/texmf-dist/tex/generic/pgf/math/pgfmath.code.tex
(/usr/local/texlive/2026/texmf-dist/tex/generic/pgf/math/pgfmathutil.code.tex)
(/usr/local/texlive/2026/texmf-dist/tex/generic/pgf/math/pgfmathparser.code.tex
\pgfmath@dimen=\dimen291
\pgfmath@count=\count354
\pgfmath@box=\box77
\pgfmath@toks=\toks42
\pgfmath@stack@operand=\toks43
\pgfmath@stack@operation=\toks44
)
(/usr/local/texlive/2026/texmf-dist/tex/generic/pgf/math/pgfmathfunctions.code.
tex)
(/usr/local/texlive/2026/texmf-dist/tex/generic/pgf/math/pgfmathfunctions.basic
.code.tex)
(/usr/local/texlive/2026/texmf-dist/tex/generic/pgf/math/pgfmathfunctions.trigo
nometric.code.tex)
(/usr/local/texlive/2026/texmf-dist/tex/generic/pgf/math/pgfmathfunctions.rando
m.code.tex)
(/usr/local/texlive/2026/texmf-dist/tex/generic/pgf/math/pgfmathfunctions.compa
rison.code.tex)
(/usr/local/texlive/2026/texmf-dist/tex/generic/pgf/math/pgfmathfunctions.base.
code.tex)
(/usr/local/texlive/2026/texmf-dist/tex/generic/pgf/math/pgfmathfunctions.round
.code.tex)
(/usr/local/texlive/2026/texmf-dist/tex/generic/pgf/math/pgfmathfunctions.misc.
code.tex)
(/usr/local/texlive/2026/texmf-dist/tex/generic/pgf/math/pgfmathfunctions.integ
erarithmetics.code.tex)
(/usr/local/texlive/2026/texmf-dist/tex/generic/pgf/math/pgfmathcalc.code.tex)
(/usr/local/texlive/2026/texmf-dist/tex/generic/pgf/math/pgfmathfloat.code.tex
\c@pgfmathroundto@lastzeros=\count355
)) (/usr/local/texlive/2026/texmf-dist/tex/generic/pgf/math/pgfint.code.tex)
(/usr/local/texlive/2026/texmf-dist/tex/generic/pgf/basiclayer/pgfcorepoints.co
de.tex
File: pgfcorepoints.code.tex 2025-08-29 v3.1.11a (3.1.11a)
\pgf@picminx=\dimen292
\pgf@picmaxx=\dimen293
\pgf@picminy=\dimen294
\pgf@picmaxy=\dimen295
\pgf@pathminx=\dimen296
\pgf@pathmaxx=\dimen297
\pgf@pathminy=\dimen298
\pgf@pathmaxy=\dimen299
\pgf@xx=\dimen300
\pgf@xy=\dimen301
\pgf@yx=\dimen302
\pgf@yy=\dimen303
\pgf@zx=\dimen304
\pgf@zy=\dimen305
)
(/usr/local/texlive/2026/texmf-dist/tex/generic/pgf/basiclayer/pgfcorepathconst
ruct.code.tex
File: pgfcorepathconstruct.code.tex 2025-08-29 v3.1.11a (3.1.11a)
\pgf@path@lastx=\dimen306
\pgf@path@lasty=\dimen307
)
(/usr/local/texlive/2026/texmf-dist/tex/generic/pgf/basiclayer/pgfcorepathusage
.code.tex
File: pgfcorepathusage.code.tex 2025-08-29 v3.1.11a (3.1.11a)
\pgf@shorten@end@additional=\dimen308
\pgf@shorten@start@additional=\dimen309
)
(/usr/local/texlive/2026/texmf-dist/tex/generic/pgf/basiclayer/pgfcorescopes.co
de.tex
File: pgfcorescopes.code.tex 2025-08-29 v3.1.11a (3.1.11a)
\pgfpic=\box78
\pgf@hbox=\box79
\pgf@layerbox@main=\box80
\pgf@picture@serial@count=\count356
)
(/usr/local/texlive/2026/texmf-dist/tex/generic/pgf/basiclayer/pgfcoregraphicst
ate.code.tex
File: pgfcoregraphicstate.code.tex 2025-08-29 v3.1.11a (3.1.11a)
\pgflinewidth=\dimen310
)
(/usr/local/texlive/2026/texmf-dist/tex/generic/pgf/basiclayer/pgfcoretransform
ations.code.tex
File: pgfcoretransformations.code.tex 2025-08-29 v3.1.11a (3.1.11a)
\pgf@pt@x=\dimen311
\pgf@pt@y=\dimen312
\pgf@pt@temp=\dimen313
)
(/usr/local/texlive/2026/texmf-dist/tex/generic/pgf/basiclayer/pgfcorequick.cod
e.tex
File: pgfcorequick.code.tex 2025-08-29 v3.1.11a (3.1.11a)
)
(/usr/local/texlive/2026/texmf-dist/tex/generic/pgf/basiclayer/pgfcoreobjects.c
ode.tex
File: pgfcoreobjects.code.tex 2025-08-29 v3.1.11a (3.1.11a)
)
(/usr/local/texlive/2026/texmf-dist/tex/generic/pgf/basiclayer/pgfcorepathproce
ssing.code.tex
File: pgfcorepathprocessing.code.tex 2025-08-29 v3.1.11a (3.1.11a)
)
(/usr/local/texlive/2026/texmf-dist/tex/generic/pgf/basiclayer/pgfcorearrows.co
de.tex
File: pgfcorearrows.code.tex 2025-08-29 v3.1.11a (3.1.11a)
\pgfarrowsep=\dimen314
)
(/usr/local/texlive/2026/texmf-dist/tex/generic/pgf/basiclayer/pgfcoreshade.cod
e.tex
File: pgfcoreshade.code.tex 2025-08-29 v3.1.11a (3.1.11a)
\pgf@max=\dimen315
\pgf@sys@shading@range@num=\count357
\pgf@shadingcount=\count358
)
(/usr/local/texlive/2026/texmf-dist/tex/generic/pgf/basiclayer/pgfcoreimage.cod
e.tex
File: pgfcoreimage.code.tex 2025-08-29 v3.1.11a (3.1.11a)
)
(/usr/local/texlive/2026/texmf-dist/tex/generic/pgf/basiclayer/pgfcoreexternal.
code.tex
File: pgfcoreexternal.code.tex 2025-08-29 v3.1.11a (3.1.11a)
\pgfexternal@startupbox=\box81
)
(/usr/local/texlive/2026/texmf-dist/tex/generic/pgf/basiclayer/pgfcorelayers.co
de.tex
File: pgfcorelayers.code.tex 2025-08-29 v3.1.11a (3.1.11a)
)
(/usr/local/texlive/2026/texmf-dist/tex/generic/pgf/basiclayer/pgfcoretranspare
ncy.code.tex
File: pgfcoretransparency.code.tex 2025-08-29 v3.1.11a (3.1.11a)
)
(/usr/local/texlive/2026/texmf-dist/tex/generic/pgf/basiclayer/pgfcorepatterns.
code.tex
File: pgfcorepatterns.code.tex 2025-08-29 v3.1.11a (3.1.11a)
)
(/usr/local/texlive/2026/texmf-dist/tex/generic/pgf/basiclayer/pgfcorerdf.code.
tex
File: pgfcorerdf.code.tex 2025-08-29 v3.1.11a (3.1.11a)
)))
(/usr/local/texlive/2026/texmf-dist/tex/generic/pgf/modules/pgfmoduleshapes.cod
e.tex
File: pgfmoduleshapes.code.tex 2025-08-29 v3.1.11a (3.1.11a)
\pgfnodeparttextbox=\box82
)
(/usr/local/texlive/2026/texmf-dist/tex/generic/pgf/modules/pgfmoduleplot.code.
tex
File: pgfmoduleplot.code.tex 2025-08-29 v3.1.11a (3.1.11a)
)
(/usr/local/texlive/2026/texmf-dist/tex/latex/pgf/compatibility/pgfcomp-version
-0-65.sty
Package: pgfcomp-version-0-65 2025-08-29 v3.1.11a (3.1.11a)
\pgf@nodesepstart=\dimen316
\pgf@nodesepend=\dimen317
)
(/usr/local/texlive/2026/texmf-dist/tex/latex/pgf/compatibility/pgfcomp-version
-1-18.sty
Package: pgfcomp-version-1-18 2025-08-29 v3.1.11a (3.1.11a)
))
(/usr/local/texlive/2026/texmf-dist/tex/latex/pgf/utilities/pgffor.sty
(/usr/local/texlive/2026/texmf-dist/tex/latex/pgf/utilities/pgfkeys.sty
(/usr/local/texlive/2026/texmf-dist/tex/generic/pgf/utilities/pgfkeys.code.tex)
) (/usr/local/texlive/2026/texmf-dist/tex/latex/pgf/math/pgfmath.sty
(/usr/local/texlive/2026/texmf-dist/tex/generic/pgf/math/pgfmath.code.tex))
(/usr/local/texlive/2026/texmf-dist/tex/generic/pgf/utilities/pgffor.code.tex
Package: pgffor 2025-08-29 v3.1.11a (3.1.11a)
\pgffor@iter=\dimen318
\pgffor@skip=\dimen319
\pgffor@stack=\toks45
\pgffor@toks=\toks46
))
(/usr/local/texlive/2026/texmf-dist/tex/generic/pgf/frontendlayer/tikz/tikz.cod
e.tex
Package: tikz 2025-08-29 v3.1.11a (3.1.11a)

(/usr/local/texlive/2026/texmf-dist/tex/generic/pgf/libraries/pgflibraryplothan
dlers.code.tex
File: pgflibraryplothandlers.code.tex 2025-08-29 v3.1.11a (3.1.11a)
\pgf@plot@mark@count=\count359
\pgfplotmarksize=\dimen320
)
\tikz@lastx=\dimen321
\tikz@lasty=\dimen322
\tikz@lastxsaved=\dimen323
\tikz@lastysaved=\dimen324
\tikz@lastmovetox=\dimen325
\tikz@lastmovetoy=\dimen326
\tikzleveldistance=\dimen327
\tikzsiblingdistance=\dimen328
\tikz@figbox=\box83
\tikz@figbox@bg=\box84
\tikz@tempbox=\box85
\tikz@tempbox@bg=\box86
\tikztreelevel=\count360
\tikznumberofchildren=\count361
\tikznumberofcurrentchild=\count362
\tikz@fig@count=\count363

(/usr/local/texlive/2026/texmf-dist/tex/generic/pgf/modules/pgfmodulematrix.cod
e.tex
File: pgfmodulematrix.code.tex 2025-08-29 v3.1.11a (3.1.11a)
\pgfmatrixcurrentrow=\count364
\pgfmatrixcurrentcolumn=\count365
\pgf@matrix@numberofcolumns=\count366
)
\tikz@expandcount=\count367

(/usr/local/texlive/2026/texmf-dist/tex/generic/pgf/frontendlayer/tikz/librarie
s/tikzlibrarytopaths.code.tex
File: tikzlibrarytopaths.code.tex 2025-08-29 v3.1.11a (3.1.11a)
)))
(/usr/local/texlive/2026/texmf-dist/tex/generic/pgf/libraries/pgflibraryarrows.
meta.code.tex
File: pgflibraryarrows.meta.code.tex 2025-08-29 v3.1.11a (3.1.11a)
\pgfarrowinset=\dimen329
\pgfarrowlength=\dimen330
\pgfarrowwidth=\dimen331
\pgfarrowlinewidth=\dimen332
)
(/usr/local/texlive/2026/texmf-dist/tex/generic/pgf/frontendlayer/tikz/librarie
s/tikzlibrarypositioning.code.tex
File: tikzlibrarypositioning.code.tex 2025-08-29 v3.1.11a (3.1.11a)
)
(/usr/local/texlive/2026/texmf-dist/tex/generic/pgf/frontendlayer/tikz/librarie
s/tikzlibraryshapes.misc.code.tex
File: tikzlibraryshapes.misc.code.tex 2025-08-29 v3.1.11a (3.1.11a)

(/usr/local/texlive/2026/texmf-dist/tex/generic/pgf/libraries/shapes/pgflibrary
shapes.misc.code.tex
File: pgflibraryshapes.misc.code.tex 2025-08-29 v3.1.11a (3.1.11a)
))
(/usr/local/texlive/2026/texmf-dist/tex/generic/pgf/frontendlayer/tikz/librarie
s/tikzlibrarycalc.code.tex
File: tikzlibrarycalc.code.tex 2025-08-29 v3.1.11a (3.1.11a)
)
(/usr/local/texlive/2026/texmf-dist/tex/generic/pgf/frontendlayer/tikz/librarie
s/tikzlibraryfit.code.tex
File: tikzlibraryfit.code.tex 2025-08-29 v3.1.11a (3.1.11a)
)
(/usr/local/texlive/2026/texmf-dist/tex/generic/pgf/frontendlayer/tikz/librarie
s/tikzlibrarybackgrounds.code.tex
File: tikzlibrarybackgrounds.code.tex 2025-08-29 v3.1.11a (3.1.11a)
\pgf@layerbox@background=\box87
\pgf@layerboxsaved@background=\box88
)
(/usr/local/texlive/2026/texmf-dist/tex/latex/forest/forest.sty
Package: forest 2017/07/14 v2.1.5 Drawing (linguistic) trees

(/usr/local/texlive/2026/texmf-dist/tex/generic/pgf/frontendlayer/tikz/librarie
s/tikzlibraryshapes.code.tex
File: tikzlibraryshapes.code.tex 2025-08-29 v3.1.11a (3.1.11a)

(/usr/local/texlive/2026/texmf-dist/tex/generic/pgf/frontendlayer/tikz/librarie
s/tikzlibraryshapes.geometric.code.tex
File: tikzlibraryshapes.geometric.code.tex 2025-08-29 v3.1.11a (3.1.11a)

(/usr/local/texlive/2026/texmf-dist/tex/generic/pgf/libraries/shapes/pgflibrary
shapes.geometric.code.tex
File: pgflibraryshapes.geometric.code.tex 2025-08-29 v3.1.11a (3.1.11a)
))
(/usr/local/texlive/2026/texmf-dist/tex/generic/pgf/frontendlayer/tikz/librarie
s/tikzlibraryshapes.symbols.code.tex
File: tikzlibraryshapes.symbols.code.tex 2025-08-29 v3.1.11a (3.1.11a)

(/usr/local/texlive/2026/texmf-dist/tex/generic/pgf/libraries/shapes/pgflibrary
shapes.symbols.code.tex
File: pgflibraryshapes.symbols.code.tex 2025-08-29 v3.1.11a (3.1.11a)
))
(/usr/local/texlive/2026/texmf-dist/tex/generic/pgf/frontendlayer/tikz/librarie
s/tikzlibraryshapes.arrows.code.tex
File: tikzlibraryshapes.arrows.code.tex 2025-08-29 v3.1.11a (3.1.11a)

(/usr/local/texlive/2026/texmf-dist/tex/generic/pgf/libraries/shapes/pgflibrary
shapes.arrows.code.tex
File: pgflibraryshapes.arrows.code.tex 2025-08-29 v3.1.11a (3.1.11a)
))
(/usr/local/texlive/2026/texmf-dist/tex/generic/pgf/frontendlayer/tikz/librarie
s/tikzlibraryshapes.callouts.code.tex
(/usr/local/texlive/2026/texmf-dist/tex/generic/pgf/libraries/shapes/pgflibrary
shapes.callouts.code.tex))
(/usr/local/texlive/2026/texmf-dist/tex/generic/pgf/frontendlayer/tikz/librarie
s/tikzlibraryshapes.multipart.code.tex
File: tikzlibraryshapes.multipart.code.tex 2025-08-29 v3.1.11a (3.1.11a)

(/usr/local/texlive/2026/texmf-dist/tex/generic/pgf/libraries/shapes/pgflibrary
shapes.multipart.code.tex
File: pgflibraryshapes.multipart.code.tex 2025-08-29 v3.1.11a (3.1.11a)
\pgfnodepartlowerbox=\box89
\pgfnodeparttwobox=\box90
\pgfnodepartthreebox=\box91
\pgfnodepartfourbox=\box92
\pgfnodeparttwentybox=\box93
\pgfnodepartnineteenbox=\box94
\pgfnodeparteighteenbox=\box95
\pgfnodepartseventeenbox=\box96
\pgfnodepartsixteenbox=\box97
\pgfnodepartfifteenbox=\box98
\pgfnodepartfourteenbox=\box99
\pgfnodepartthirteenbox=\box100
\pgfnodeparttwelvebox=\box101
\pgfnodepartelevenbox=\box102
\pgfnodeparttenbox=\box103
\pgfnodepartninebox=\box104
\pgfnodeparteightbox=\box105
\pgfnodepartsevenbox=\box106
\pgfnodepartsixbox=\box107
\pgfnodepartfivebox=\box108
)))
(/usr/local/texlive/2026/texmf-dist/tex/generic/pgf/libraries/pgflibraryinterse
ctions.code.tex
(/usr/local/texlive/2026/texmf-dist/tex/generic/pgf/libraries/pgflibraryfpu.cod
e.tex)
\pgf@intersect@solutions=\count368
) (/usr/local/texlive/2026/texmf-dist/tex/latex/pgfopts/pgfopts.sty
Package: pgfopts 2014/07/10 v2.1a LaTeX package options with pgfkeys
\pgfopts@list@add@a@toks=\toks47
\pgfopts@list@add@b@toks=\toks48
)
(/usr/local/texlive/2026/texmf-dist/tex/latex/elocalloc/elocalloc.sty
Package: elocalloc 2016/12/15 v0.03 local allocation for LaTeX 2015+ (DPC)
)
(/Users/ntmucke/Library/texmf/tex/latex/environ/environ.sty
Package: environ 2014/05/04 v0.3 A new way to define environments

(/Users/ntmucke/Library/texmf/tex/latex/trimspaces/trimspaces.sty
Package: trimspaces 2009/09/17 v1.1 Trim spaces around a token list
))
(/Users/ntmucke/Library/texmf/tex/latex/l3packages/xparse/xparse.sty
(/Users/ntmucke/Library/texmf/tex/latex/l3kernel/expl3.sty
Package: expl3 2026-01-19 L3 programming layer (loader) 

(/usr/local/texlive/2026/texmf-dist/tex/latex/l3backend/l3backend-pdftex.def
File: l3backend-pdftex.def 2025-10-09 L3 backend support: PDF output (pdfTeX)
\l__color_backend_stack_int=\count369
))
Package: xparse 2025-10-09 L3 Experimental document command parser
) (/usr/local/texlive/2026/texmf-dist/tex/latex/inlinedef/inlinedef.sty
Package: inlinedef 2008/07/10 v1.0 Inlined expansions within definitions
\ID@toks=\toks49
\ID@count=\count370
)
\ID@usercommands=\toks50
\safeloop@depth=\count371
\safeRKloop@depth=\count372
\forest@temp@dimen=\dimen333
\forest@temp@count=\count373
\forest@n=\count374
\forest@temp@global@count=\count375
\forest@temp@toks=\toks51
\forest@temparray@M=\count376
\forest@temparray@N=\count377
\forest@global@temparray@M=\count378
\forest@global@temparray@N=\count379
\forest@isnum@count=\count380
\forest@isdim@nonintpart=\count381
\forest@isdim@dimen=\dimen334
\forest@sort@m=\count382
\forest@sort@k=\count383
\forest@sort@p=\count384
\bracket@content=\toks52
\bracket@afterthought=\toks53
\forest@node@maxid=\count385
\forest@process@left@M=\count386
\forest@process@left@N=\count387
\forest@process@right@M=\count388
\forest@process@right@N=\count389
\forest@process@saved@M=\count390
\forest@process@saved@N=\count391
\forest@process@result@M=\count392
\forest@process@result@N=\count393
\forest@process@n=\count394
\forest@nodewalk@branch@toks=\toks54
\forest@nodewalk@shortsteps@resolution=\toks55
\forest@do@dynamics=\toks56
\forest@box=\box109
\forest@xg=\dimen335
\forest@yg=\dimen336
\forest@xs=\dimen337
\forest@ys=\dimen338
\forest@pi@toks=\toks57
\forest@segment@toks=\toks58
\forest@PIi@toks=\toks59
\forest@PIii@toks=\toks60
\forest@copy@in=\read3
\forest@copy@out=\write4
\forest@externalize@max@outer@n=\count395
\forest@externalize@inner@n=\count396
)
(/usr/local/texlive/2026/texmf-dist/tex/latex/forest/forest-lib-edges.sty
Package: forest-lib-edges 2016/12/05 v0.1.1
)
(/usr/local/texlive/2026/texmf-dist/tex/latex/pdflscape/pdflscape.sty
Package: pdflscape 2025-06-23 v0.14 Display of landscape pages in PDF

(/usr/local/texlive/2026/texmf-dist/tex/latex/pdflscape/pdflscape-nometadata.st
y
Package: pdflscape-nometadata 2025-06-23 v0.14 Display of landscape pages in PD
F (HO)
 (/Users/ntmucke/Library/texmf/tex/latex/graphics/lscape.sty
Package: lscape 2020/05/28 v3.02 Landscape Pages (DPC)
)
Package pdflscape Info: Auto-detected driver: pdftex on input line 81.
))
Package hyperref Info: Option `colorlinks' set `true' on input line 23.
Package translations Info: No language package found. I am going to use `englis
h' as default language. on input line 36.
 (./main.aux)
\openout1 = `main.aux'.

LaTeX Font Info:    Checking defaults for OML/cmm/m/it on input line 36.
LaTeX Font Info:    ... okay on input line 36.
LaTeX Font Info:    Checking defaults for OMS/cmsy/m/n on input line 36.
LaTeX Font Info:    ... okay on input line 36.
LaTeX Font Info:    Checking defaults for OT1/cmr/m/n on input line 36.
LaTeX Font Info:    ... okay on input line 36.
LaTeX Font Info:    Checking defaults for T1/cmr/m/n on input line 36.
LaTeX Font Info:    ... okay on input line 36.
LaTeX Font Info:    Checking defaults for TS1/cmr/m/n on input line 36.
LaTeX Font Info:    ... okay on input line 36.
LaTeX Font Info:    Checking defaults for OMX/cmex/m/n on input line 36.
LaTeX Font Info:    ... okay on input line 36.
LaTeX Font Info:    Checking defaults for U/cmr/m/n on input line 36.
LaTeX Font Info:    ... okay on input line 36.
LaTeX Font Info:    Checking defaults for PD1/pdf/m/n on input line 36.
LaTeX Font Info:    ... okay on input line 36.
LaTeX Font Info:    Checking defaults for PU/pdf/m/n on input line 36.
LaTeX Font Info:    ... okay on input line 36.

*geometry* driver: auto-detecting
*geometry* detected driver: pdftex
*geometry* verbose mode - [ preamble ] result:
* driver: pdftex
* paper: a4paper
* layout: <same size as paper>
* layoutoffset:(h,v)=(0.0pt,0.0pt)
* modes: 
* h-part:(L,W,R)=(62.59596pt, 472.31595pt, 62.59596pt)
* v-part:(T,H,B)=(62.59596pt, 719.85492pt, 62.59596pt)
* \paperwidth=597.50787pt
* \paperheight=845.04684pt
* \textwidth=472.31595pt
* \textheight=719.85492pt
* \oddsidemargin=-9.67403pt
* \evensidemargin=-9.67403pt
* \topmargin=-46.67403pt
* \headheight=12.0pt
* \headsep=25.0pt
* \topskip=11.0pt
* \footskip=30.0pt
* \marginparwidth=50.0pt
* \marginparsep=10.0pt
* \columnsep=10.0pt
* \skip\footins=10.0pt plus 4.0pt minus 2.0pt
* \hoffset=0.0pt
* \voffset=0.0pt
* \mag=1000
* \@twocolumnfalse
* \@twosidefalse
* \@mparswitchfalse
* \@reversemarginfalse
* (1in=72.27pt=25.4mm, 1cm=28.453pt)

(/usr/local/texlive/2026/texmf-dist/tex/context/base/mkii/supp-pdf.mkii
[Loading MPS to PDF converter (version 2006.09.02).]
\scratchcounter=\count397
\scratchdimen=\dimen339
\scratchbox=\box110
\nofMPsegments=\count398
\nofMParguments=\count399
\everyMPshowfont=\toks61
\MPscratchCnt=\count400
\MPscratchDim=\dimen340
\MPnumerator=\count401
\makeMPintoPDFobject=\count402
\everyMPtoPDFconversion=\toks62
) (/Users/ntmucke/Library/texmf/tex/latex/epstopdf-pkg/epstopdf-base.sty
Package: epstopdf-base 2020-01-24 v2.11 Base part for package epstopdf
Package epstopdf-base Info: Redefining graphics rule for `.eps' on input line 4
85.

(/usr/local/texlive/2026/texmf-dist/tex/latex/latexconfig/epstopdf-sys.cfg
File: epstopdf-sys.cfg 2010/07/13 v1.3 Configuration of (r)epstopdf for TeX Liv
e
))
(/usr/local/texlive/2026/texmf-dist/tex/latex/translations/translations-basic-d
ictionary-english.trsl
File: translations-basic-dictionary-english.trsl (english translation file `tra
nslations-basic-dictionary')
)
Package translations Info: loading dictionary `translations-basic-dictionary' f
or `english'. on input line 36.
Package caption Info: Begin \AtBeginDocument code.
Package caption Info: float package is loaded.
Package caption Info: hyperref package is loaded.
Package caption Info: End \AtBeginDocument code.
Package hyperref Info: Link coloring ON on input line 36.
 (./main.out) (./main.out)
\@outlinefile=\write5
\openout5 = `main.out'.

Package microtype Info: Patching varwidth to enable character protrusion.
\MT@vwid@leftmargin=\dimen341
\MT@vwid@rightmargin=\dimen342
LaTeX Info: Redefining \microtypecontext on input line 36.
Package microtype Info: Applying patch `item' on input line 36.
Package microtype Info: Applying patch `toc' on input line 36.
Package microtype Info: Applying patch `eqnum' on input line 36.
Package microtype Info: Applying patch `footnote' on input line 36.
Package microtype Info: Applying patch `verbatim' on input line 36.
LaTeX Info: Redefining \microtypesetup on input line 36.
Package microtype Info: Generating PDF output.
Package microtype Info: Character protrusion enabled (level 2).
Package microtype Info: Using default protrusion set `alltext'.
Package microtype Info: Automatic font expansion enabled (level 2),
(microtype)             stretch: 20, shrink: 20, step: 1, non-selected.
Package microtype Info: Using default expansion set `alltext-nott'.
Package microtype Info: Patching command `\showhyphens'.
Package microtype Info: No adjustment of tracking.
Package microtype Info: No adjustment of interword spacing.
Package microtype Info: No adjustment of character kerning.

(/usr/local/texlive/2026/texmf-dist/tex/latex/microtype/mt-cmr.cfg
File: mt-cmr.cfg 2013/05/19 v2.2 microtype config. file: Computer Modern Roman 
(RS)
) (./main.toc [1

{/usr/local/texlive/2026/texmf-var/fonts/map/pdftex/updmap/pdftex.map}])
\tf@toc=\write6
\openout6 = `main.toc'.


[2] (./sections/setup.tex
Overfull \hbox (21.10518pt too wide) in paragraph at lines 4--9
\OT1/cmr/m/n/10.95 (-20) All ex-per-i-ments were pro-duced by the three driver 
cam-paigns un-der \OT1/cmtt/m/n/10 presentations/isda[]new/experiments/
 []


Overfull \hbox (82.47813pt too wide) in paragraph at lines 12--14
[]\OT1/cmr/bx/n/10.95 (-20) Geometry\OT1/cmr/m/n/10.95 (-20) : Xie & Cas-tro (2
008) staggered-cube ur-ban ar-ray, \OT1/cmtt/m/n/10 examples/xie[]and[]castro/x
ie[]castro[]2008[]STL.stl\OT1/cmr/m/n/10.95 (-20) . 
 []


Overfull \hbox (3.2172pt too wide) in paragraph at lines 17--20
\OT1/cmr/m/n/10.95 (-20) case). Truth tra-jec-to-ries are stored in \OT1/cmtt/m
/n/10 experiments/truth[]states/true[]state[]<truth>[]<case>.nc\OT1/cmr/m/n/10.
95 (-20) . 
 []


Overfull \hbox (11.56592pt too wide) in paragraph at lines 59--64
\OT1/cmr/m/n/10.95 (-20) Run fold-ers are named \OT1/cmtt/m/n/10 <truth>[]to[]<
assim>[]w3[]<loc>[[]obs<interval>][]<case>[[]state[]infl<none|rtps>]\OT1/cmr/m/
n/10.95 (-20) ,
 []

[3

{/usr/local/texlive/2026/texmf-dist/fonts/enc/dvips/cm-super/cm-super-ts1.enc}]
) [4] (./sections/esmda.tex (./sections/esmda_tables.tex) [5

]
LaTeX Font Info:    Font shape `OT1/cmtt/bx/n' in size <10.95> not available
(Font)              Font shape `OT1/cmtt/m/n' tried instead on input line 83.
LaTeX Font Info:    Font shape `OT1/cmtt/bx/n' in size <10> not available
(Font)              Font shape `OT1/cmtt/m/n' tried instead on input line 83.
<figures/esmda/valid_E11.png, id=426, 1606.0pt x 1192.455pt>
File: figures/esmda/valid_E11.png Graphic file (type png)
<use figures/esmda/valid_E11.png>
Package pdftex.def Info: figures/esmda/valid_E11.png  used on input line 88.
(pdftex.def)             Requested size: 472.31595pt x 350.69765pt.
<figures/esmda/perr_E11.png, id=427, 1606.0pt x 957.5775pt>
File: figures/esmda/perr_E11.png Graphic file (type png)
<use figures/esmda/perr_E11.png>
Package pdftex.def Info: figures/esmda/perr_E11.png  used on input line 101.
(pdftex.def)             Requested size: 434.5298pt x 259.09pt.
<figures/esmda/marg_E11.png, id=430, 1606.0pt x 995.72pt>
File: figures/esmda/marg_E11.png Graphic file (type png)
<use figures/esmda/marg_E11.png>
Package pdftex.def Info: figures/esmda/marg_E11.png  used on input line 112.
(pdftex.def)             Requested size: 387.30254pt x 240.11719pt.
 [6] [7 <./figures/esmda/valid_E11.png (PNG copy)>] [8 <./figures/esmda/perr_E1
1.png (PNG copy)> <./figures/esmda/marg_E11.png (PNG copy)>]
<figures/esmda/valid_E12.png, id=455, 1606.0pt x 1192.455pt>
File: figures/esmda/valid_E12.png Graphic file (type png)
<use figures/esmda/valid_E12.png>
Package pdftex.def Info: figures/esmda/valid_E12.png  used on input line 154.
(pdftex.def)             Requested size: 472.31595pt x 350.69765pt.
<figures/esmda/perr_E12.png, id=456, 1606.0pt x 957.5775pt>
File: figures/esmda/perr_E12.png Graphic file (type png)
<use figures/esmda/perr_E12.png>
Package pdftex.def Info: figures/esmda/perr_E12.png  used on input line 165.
(pdftex.def)             Requested size: 434.5298pt x 259.09pt.
<figures/esmda/marg_E12.png, id=459, 1606.0pt x 989.6975pt>
File: figures/esmda/marg_E12.png Graphic file (type png)
<use figures/esmda/marg_E12.png>
Package pdftex.def Info: figures/esmda/marg_E12.png  used on input line 176.
(pdftex.def)             Requested size: 387.30254pt x 238.66487pt.
<figures/esmda/valid_E13.png, id=462, 1606.0pt x 1192.455pt>
File: figures/esmda/valid_E13.png Graphic file (type png)
<use figures/esmda/valid_E13.png>
Package pdftex.def Info: figures/esmda/valid_E13.png  used on input line 218.
(pdftex.def)             Requested size: 472.31595pt x 350.69765pt.
 [9 <./figures/esmda/valid_E12.png (PNG copy)>] [10 <./figures/esmda/perr_E12.p
ng (PNG copy)> <./figures/esmda/marg_E12.png (PNG copy)>]
<figures/esmda/perr_E13.png, id=475, 1606.0pt x 957.5775pt>
File: figures/esmda/perr_E13.png Graphic file (type png)
<use figures/esmda/perr_E13.png>
Package pdftex.def Info: figures/esmda/perr_E13.png  used on input line 229.
(pdftex.def)             Requested size: 434.5298pt x 259.09pt.
<figures/esmda/marg_E13.png, id=478, 1606.0pt x 995.72pt>
File: figures/esmda/marg_E13.png Graphic file (type png)
<use figures/esmda/marg_E13.png>
Package pdftex.def Info: figures/esmda/marg_E13.png  used on input line 238.
(pdftex.def)             Requested size: 387.30254pt x 240.11719pt.
<figures/esmda/valid_modelerror_E12_E2.png, id=482, 1606.0pt x 2404.985pt>
File: figures/esmda/valid_modelerror_E12_E2.png Graphic file (type png)
<use figures/esmda/valid_modelerror_E12_E2.png>
Package pdftex.def Info: figures/esmda/valid_modelerror_E12_E2.png  used on inp
ut line 280.
(pdftex.def)             Requested size: 297.56134pt x 445.5758pt.
 [11 <./figures/esmda/valid_E13.png (PNG copy)>] [12 <./figures/esmda/perr_E13.
png (PNG copy)> <./figures/esmda/marg_E13.png (PNG copy)>] [13 <./figures/esmda
/valid_modelerror_E12_E2.png (PNG copy)>]
<figures/esmda/marg_loc_E13_E20.png, id=503, 1606.0pt x 2013.5225pt>
File: figures/esmda/marg_loc_E13_E20.png Graphic file (type png)
<use figures/esmda/marg_loc_E13_E20.png>
Package pdftex.def Info: figures/esmda/marg_loc_E13_E20.png  used on input line
 332.
(pdftex.def)             Requested size: 283.39244pt x 355.29048pt.
 [14 <./figures/esmda/marg_loc_E13_E20.png (PNG copy)>]
<figures/esmda/perr_obsinterval_E16_E12_E14.png, id=510, 1606.0pt x 1533.73pt>
File: figures/esmda/perr_obsinterval_E16_E12_E14.png Graphic file (type png)
<use figures/esmda/perr_obsinterval_E16_E12_E14.png>
Package pdftex.def Info: figures/esmda/perr_obsinterval_E16_E12_E14.png  used o
n input line 379.
(pdftex.def)             Requested size: 368.40585pt x 351.81438pt.
 [15 <./figures/esmda/perr_obsinterval_E16_E12_E14.png (PNG copy)>]
<figures/esmda/rank_E11_E12_E13.png, id=517, 1606.0pt x 721.69624pt>
File: figures/esmda/rank_E11_E12_E13.png Graphic file (type png)
<use figures/esmda/rank_E11_E12_E13.png>
Package pdftex.def Info: figures/esmda/rank_E11_E12_E13.png  used on input line
 420.
(pdftex.def)             Requested size: 472.31595pt x 212.24883pt.
 [16 <./figures/esmda/rank_E11_E12_E13.png (PNG copy)>]
Underfull \hbox (badness 10000) in paragraph at lines 477--486
\OT1/cmr/m/n/10.95 (+20) raised as \OT1/cmtt/m/n/10 CalledProcessError \OT1/cmr
/m/n/10.95 (+20) on \OT1/cmtt/m/n/10 palm (urban[]run) \OT1/cmr/m/n/10.95 (+20)
 from \OT1/cmtt/m/n/10 pypalm/forward[]model.py:
 []


Underfull \hbox (badness 1152) in paragraph at lines 477--486
[]\OT1/cmtt/m/n/10 fit[]output[]window\OT1/cmr/m/n/10.95 (+20) . The dis-tin-gu
ish-ing set-ting is \OT1/cmtt/m/n/10 inlet[]turbulence.enabled=false \OT1/cmr/m
/n/10.95 (+20) to-gether
 []

[17]
<figures/esmda/perr_grid_udales.png, id=536, 1706.375pt x 2569.6pt>
File: figures/esmda/perr_grid_udales.png Graphic file (type png)
<use figures/esmda/perr_grid_udales.png>
Package pdftex.def Info: figures/esmda/perr_grid_udales.png  used on input line
 539.
(pdftex.def)             Requested size: 439.7675pt x 662.23813pt.


LaTeX Warning: Float too large for page by 0.38321pt on input line 546.

<figures/esmda/perr_grid_palm.png, id=537, 1706.375pt x 2053.6725pt>
File: figures/esmda/perr_grid_palm.png Graphic file (type png)
<use figures/esmda/perr_grid_palm.png>
Package pdftex.def Info: figures/esmda/perr_grid_palm.png  used on input line 5
51.
(pdftex.def)             Requested size: 472.31395pt x 568.44373pt.
) [18] [19 <./figures/esmda/perr_grid_udales.png (PNG copy)>] [20 <./figures/es
mda/perr_grid_palm.png (PNG copy)>] (./sections/filtering.tex
(./sections/filtering_tables.tex)
Underfull \hbox (badness 1275) in paragraph at lines 32--38
\OT1/cmr/m/n/10.95 (+20) Only three of the four com-bi-na-tions were run: \OT1/
cmtt/m/n/10 state,none\OT1/cmr/m/n/10.95 (+20) , \OT1/cmtt/m/n/10 state,RTPS \O
T1/cmr/m/n/10.95 (+20) and \OT1/cmtt/m/n/10 joint,RTPS\OT1/cmr/m/n/10.95 (+20) 
.
 []

[21

] [22]
<figures/filtering/valid_F7.png, id=574, 1606.0pt x 1131.22626pt>
File: figures/filtering/valid_F7.png Graphic file (type png)
<use figures/filtering/valid_F7.png>
Package pdftex.def Info: figures/filtering/valid_F7.png  used on input line 114
.
(pdftex.def)             Requested size: 472.31595pt x 332.69044pt.
 [23]
<figures/filtering/parerr_F7.png, id=586, 1606.0pt x 896.34875pt>
File: figures/filtering/parerr_F7.png Graphic file (type png)
<use figures/filtering/parerr_F7.png>
Package pdftex.def Info: figures/filtering/parerr_F7.png  used on input line 12
7.
(pdftex.def)             Requested size: 401.47144pt x 224.07295pt.
<figures/filtering/marginals_F7.png, id=591, 1606.0pt x 940.51375pt>
File: figures/filtering/marginals_F7.png Graphic file (type png)
<use figures/filtering/marginals_F7.png>
Package pdftex.def Info: figures/filtering/marginals_F7.png  used on input line
 139.
(pdftex.def)             Requested size: 377.85419pt x 221.27908pt.
 [24 <./figures/filtering/valid_F7.png (PNG copy)> <./figures/filtering/parerr_
F7.png (PNG copy)>]
<figures/filtering/valid_F9.png, id=601, 1606.0pt x 1131.22626pt>
File: figures/filtering/valid_F9.png Graphic file (type png)
<use figures/filtering/valid_F9.png>
Package pdftex.def Info: figures/filtering/valid_F9.png  used on input line 174
.
(pdftex.def)             Requested size: 472.31595pt x 332.69044pt.
 [25 <./figures/filtering/marginals_F7.png (PNG copy)>]
<figures/filtering/parerr_F9.png, id=610, 1606.0pt x 896.34875pt>
File: figures/filtering/parerr_F9.png Graphic file (type png)
<use figures/filtering/parerr_F9.png>
Package pdftex.def Info: figures/filtering/parerr_F9.png  used on input line 18
5.
(pdftex.def)             Requested size: 401.47144pt x 224.07295pt.
<figures/filtering/marginals_F9.png, id=613, 1606.0pt x 940.51375pt>
File: figures/filtering/marginals_F9.png Graphic file (type png)
<use figures/filtering/marginals_F9.png>
Package pdftex.def Info: figures/filtering/marginals_F9.png  used on input line
 196.
(pdftex.def)             Requested size: 377.85419pt x 221.27908pt.
 [26 <./figures/filtering/valid_F9.png (PNG copy)> <./figures/filtering/parerr_
F9.png (PNG copy)>]
<figures/filtering/valid_F11.png, id=622, 1606.0pt x 1131.22626pt>
File: figures/filtering/valid_F11.png Graphic file (type png)
<use figures/filtering/valid_F11.png>
Package pdftex.def Info: figures/filtering/valid_F11.png  used on input line 23
0.
(pdftex.def)             Requested size: 472.31595pt x 332.69044pt.
 [27 <./figures/filtering/marginals_F9.png (PNG copy)>]
<figures/filtering/parerr_F11.png, id=630, 1606.0pt x 896.34875pt>
File: figures/filtering/parerr_F11.png Graphic file (type png)
<use figures/filtering/parerr_F11.png>
Package pdftex.def Info: figures/filtering/parerr_F11.png  used on input line 2
41.
(pdftex.def)             Requested size: 401.47144pt x 224.07295pt.
<figures/filtering/marginals_F11.png, id=635, 1606.0pt x 940.51375pt>
File: figures/filtering/marginals_F11.png Graphic file (type png)
<use figures/filtering/marginals_F11.png>
Package pdftex.def Info: figures/filtering/marginals_F11.png  used on input lin
e 251.
(pdftex.def)             Requested size: 377.85419pt x 221.27908pt.
 [28 <./figures/filtering/valid_F11.png (PNG copy)> <./figures/filtering/parerr
_F11.png (PNG copy)>]
<figures/filtering/valid_modelerror_inflow_turb.png, id=641, 1606.0pt x 593.216
25pt>
File: figures/filtering/valid_modelerror_inflow_turb.png Graphic file (type png
)
<use figures/filtering/valid_modelerror_inflow_turb.png>
Package pdftex.def Info: figures/filtering/valid_modelerror_inflow_turb.png  us
ed on input line 293.
(pdftex.def)             Requested size: 472.31595pt x 174.46323pt.
 [29 <./figures/filtering/marginals_F11.png (PNG copy)>] [30 <./figures/filteri
ng/valid_modelerror_inflow_turb.png (PNG copy)>]
<figures/filtering/ladder_inflow.png, id=655, 1606.0pt x 275.0275pt>
File: figures/filtering/ladder_inflow.png Graphic file (type png)
<use figures/filtering/ladder_inflow.png>
Package pdftex.def Info: figures/filtering/ladder_inflow.png  used on input lin
e 388.
(pdftex.def)             Requested size: 472.31595pt x 80.88481pt.

[31 <./figures/filtering/ladder_inflow.png (PNG copy)>]
<figures/filtering/rank_cases.png, id=667, 1606.0pt x 721.69624pt>
File: figures/filtering/rank_cases.png Graphic file (type png)
<use figures/filtering/rank_cases.png>
Package pdftex.def Info: figures/filtering/rank_cases.png  used on input line 4
42.
(pdftex.def)             Requested size: 472.31595pt x 212.24883pt.
 [32 <./figures/filtering/rank_cases.png (PNG copy)>] [33]
<figures/filtering/parerr_grid_joint.png, id=690, 1606.0pt x 1278.7775pt>
File: figures/filtering/parerr_grid_joint.png Graphic file (type png)
<use figures/filtering/parerr_grid_joint.png>
Package pdftex.def Info: figures/filtering/parerr_grid_joint.png  used on input
 line 555.
(pdftex.def)             Requested size: 472.31595pt x 376.08485pt.
) [34 <./figures/filtering/parerr_grid_joint.png (PNG copy)>] (./sections/filte
r_smoothing.tex
(./sections/filter_smoothing_tables.tex)
Underfull \hbox (badness 1087) in paragraph at lines 52--52
[]\OT1/cmr/bx/n/10 (+20) Table 9: |\OT1/cmr/m/n/10 (+20) Fil-ter smooth-ing: th
e 20 ex-per-i-ments, their run IDs and the run di-rec-to-ries un-der
 []

[35

]
<figures/filter_smoothing/valid_H11.png, id=708, 1606.0pt x 1192.455pt>
File: figures/filter_smoothing/valid_H11.png Graphic file (type png)
<use figures/filter_smoothing/valid_H11.png>
Package pdftex.def Info: figures/filter_smoothing/valid_H11.png  used on input 
line 101.
(pdftex.def)             Requested size: 472.31595pt x 350.69765pt.
 [36]
<figures/filter_smoothing/parerr_H11.png, id=714, 1606.0pt x 957.5775pt>
File: figures/filter_smoothing/parerr_H11.png Graphic file (type png)
<use figures/filter_smoothing/parerr_H11.png>
Package pdftex.def Info: figures/filter_smoothing/parerr_H11.png  used on input
 line 114.
(pdftex.def)             Requested size: 434.5298pt x 259.09pt.
 [37 <./figures/filter_smoothing/valid_H11.png (PNG copy)>]
<figures/filter_smoothing/marginals_H11.png, id=721, 1606.0pt x 989.6975pt>
File: figures/filter_smoothing/marginals_H11.png Graphic file (type png)
<use figures/filter_smoothing/marginals_H11.png>
Package pdftex.def Info: figures/filter_smoothing/marginals_H11.png  used on in
put line 126.
(pdftex.def)             Requested size: 387.30254pt x 238.66487pt.
 [38 <./figures/filter_smoothing/parerr_H11.png (PNG copy)> <./figures/filter_s
moothing/marginals_H11.png (PNG copy)>]
<figures/filter_smoothing/valid_H12.png, id=730, 1606.0pt x 1192.455pt>
File: figures/filter_smoothing/valid_H12.png Graphic file (type png)
<use figures/filter_smoothing/valid_H12.png>
Package pdftex.def Info: figures/filter_smoothing/valid_H12.png  used on input 
line 160.
(pdftex.def)             Requested size: 472.31595pt x 350.69765pt.
<figures/filter_smoothing/parerr_H12.png, id=733, 1606.0pt x 955.57pt>
File: figures/filter_smoothing/parerr_H12.png Graphic file (type png)
<use figures/filter_smoothing/parerr_H12.png>
Package pdftex.def Info: figures/filter_smoothing/parerr_H12.png  used on input
 line 172.
(pdftex.def)             Requested size: 434.5298pt x 258.54683pt.
 [39 <./figures/filter_smoothing/valid_H12.png (PNG copy)>]
<figures/filter_smoothing/marginals_H12.png, id=741, 1606.0pt x 995.72pt>
File: figures/filter_smoothing/marginals_H12.png Graphic file (type png)
<use figures/filter_smoothing/marginals_H12.png>
Package pdftex.def Info: figures/filter_smoothing/marginals_H12.png  used on in
put line 182.
(pdftex.def)             Requested size: 387.30254pt x 240.11719pt.
 [40 <./figures/filter_smoothing/parerr_H12.png (PNG copy)> <./figures/filter_s
moothing/marginals_H12.png (PNG copy)>]
<figures/filter_smoothing/valid_H13.png, id=748, 1606.0pt x 1192.455pt>
File: figures/filter_smoothing/valid_H13.png Graphic file (type png)
<use figures/filter_smoothing/valid_H13.png>
Package pdftex.def Info: figures/filter_smoothing/valid_H13.png  used on input 
line 214.
(pdftex.def)             Requested size: 472.31595pt x 350.69765pt.
<figures/filter_smoothing/parerr_H13.png, id=749, 1606.0pt x 957.5775pt>
File: figures/filter_smoothing/parerr_H13.png Graphic file (type png)
<use figures/filter_smoothing/parerr_H13.png>
Package pdftex.def Info: figures/filter_smoothing/parerr_H13.png  used on input
 line 226.
(pdftex.def)             Requested size: 434.5298pt x 259.09pt.
 [41 <./figures/filter_smoothing/valid_H13.png (PNG copy)>]
<figures/filter_smoothing/marginals_H13.png, id=755, 1606.0pt x 995.72pt>
File: figures/filter_smoothing/marginals_H13.png Graphic file (type png)
<use figures/filter_smoothing/marginals_H13.png>
Package pdftex.def Info: figures/filter_smoothing/marginals_H13.png  used on in
put line 236.
(pdftex.def)             Requested size: 387.30254pt x 240.11719pt.
 [42 <./figures/filter_smoothing/parerr_H13.png (PNG copy)> <./figures/filter_s
moothing/marginals_H13.png (PNG copy)>]
<figures/filter_smoothing/modelerror_valid_inflow_turb.png, id=763, 1606.0pt x 
1670.24pt>
File: figures/filter_smoothing/modelerror_valid_inflow_turb.png Graphic file (t
ype png)
<use figures/filter_smoothing/modelerror_valid_inflow_turb.png>
Package pdftex.def Info: figures/filter_smoothing/modelerror_valid_inflow_turb.
png  used on input line 277.
(pdftex.def)             Requested size: 448.6987pt x 466.64459pt.
 [43 <./figures/filter_smoothing/modelerror_valid_inflow_turb.png (PNG copy)>]
<figures/filter_smoothing/localization_parerr_periodic.png, id=770, 1606.0pt x 
1933.2225pt>
File: figures/filter_smoothing/localization_parerr_periodic.png Graphic file (t
ype png)
<use figures/filter_smoothing/localization_parerr_periodic.png>
Package pdftex.def Info: figures/filter_smoothing/localization_parerr_periodic.
png  used on input line 319.
(pdftex.def)             Requested size: 406.192pt x 488.93867pt.
 [44] [45 <./figures/filter_smoothing/localization_parerr_periodic.png (PNG cop
y)>]
<figures/filter_smoothing/interval_parerr_inflow_turb.png, id=782, 1606.0pt x 1
536.74126pt>
File: figures/filter_smoothing/interval_parerr_inflow_turb.png Graphic file (ty
pe png)
<use figures/filter_smoothing/interval_parerr_inflow_turb.png>
Package pdftex.def Info: figures/filter_smoothing/interval_parerr_inflow_turb.p
ng  used on input line 356.
(pdftex.def)             Requested size: 415.64034pt x 397.71431pt.
 [46 <./figures/filter_smoothing/interval_parerr_inflow_turb.png (PNG copy)>]
<figures/filter_smoothing/rank_hist_cases.png, id=789, 1606.0pt x 726.715pt>
File: figures/filter_smoothing/rank_hist_cases.png Graphic file (type png)
<use figures/filter_smoothing/rank_hist_cases.png>
Package pdftex.def Info: figures/filter_smoothing/rank_hist_cases.png  used on 
input line 402.
(pdftex.def)             Requested size: 472.31595pt x 213.72482pt.
 [47 <./figures/filter_smoothing/rank_hist_cases.png (PNG copy)>] [48] [49]
<figures/filter_smoothing/parerr_grid_all.png, id=816, 1606.0pt x 2309.62875pt>

File: figures/filter_smoothing/parerr_grid_all.png Graphic file (type png)
<use figures/filter_smoothing/parerr_grid_all.png>
Package pdftex.def Info: figures/filter_smoothing/parerr_grid_all.png  used on 
input line 504.
(pdftex.def)             Requested size: 400.44528pt x 575.88612pt.
) [50

 <./figures/filter_smoothing/parerr_grid_all.png (PNG copy)>] (./sections/compa
rison.tex
(./sections/comparison_tables.tex)
Underfull \hbox (badness 1629) in paragraph at lines 84--90
[]\OT1/cmr/m/n/10.95 (+20) Everything else fol-lows the con-ven-tions of \TS1/c
mr/m/n/10.95 (+20) §[][]\OT1/cmr/m/n/10.95 (+20) 1[][]: sen-sor RM-SEs are the 
3-component
 []


Underfull \hbox (badness 10000) in paragraph at lines 84--90
\OT1/cmr/m/it/10.95 (+20) velocity-vector \OT1/cmr/m/n/10.95 (+20) RMSE (\OT1/c
mtt/m/n/10 sensor[]metrics.*.velocity[]vector[]rmse.mean\OT1/cmr/m/n/10.95 (+20
) ), \OT1/cmr/m/it/10.95 (+20) field $\OMS/cmsy/m/n/10.95 j\OML/cmm/m/it/10.95 
U\OMS/cmsy/m/n/10.95 j$ \OT1/cmr/m/n/10.95 (+20) is
 []

[51

] [52] [53]
<figures/comparison/cmp_valid_ud_inflow.png, id=873, 1606.0pt x 394.47375pt>
File: figures/comparison/cmp_valid_ud_inflow.png Graphic file (type png)
<use figures/comparison/cmp_valid_ud_inflow.png>
Package pdftex.def Info: figures/comparison/cmp_valid_ud_inflow.png  used on in
put line 180.
(pdftex.def)             Requested size: 472.31595pt x 116.01361pt.
<figures/comparison/cmp_valid_ud_inflow_turb.png, id=874, 1606.0pt x 394.47375p
t>
File: figures/comparison/cmp_valid_ud_inflow_turb.png Graphic file (type png)
<use figures/comparison/cmp_valid_ud_inflow_turb.png>
Package pdftex.def Info: figures/comparison/cmp_valid_ud_inflow_turb.png  used 
on input line 193.
(pdftex.def)             Requested size: 472.31595pt x 116.01361pt.
 [54 <./figures/comparison/cmp_valid_ud_inflow.png (PNG copy)>]
<figures/comparison/cmp_valid_ud_periodic.png, id=882, 1606.0pt x 394.47375pt>
File: figures/comparison/cmp_valid_ud_periodic.png Graphic file (type png)
<use figures/comparison/cmp_valid_ud_periodic.png>
Package pdftex.def Info: figures/comparison/cmp_valid_ud_periodic.png  used on 
input line 205.
(pdftex.def)             Requested size: 472.31595pt x 116.01361pt.
<figures/comparison/cmp_valid_ud_stateonly.png, id=885, 1606.0pt x 394.47375pt>

File: figures/comparison/cmp_valid_ud_stateonly.png Graphic file (type png)
<use figures/comparison/cmp_valid_ud_stateonly.png>
Package pdftex.def Info: figures/comparison/cmp_valid_ud_stateonly.png  used on
 input line 217.
(pdftex.def)             Requested size: 472.31595pt x 116.01361pt.
LaTeX Font Info:    Trying to load font information for OMS+cmtt on input line 
226.
LaTeX Font Info:    No file OMScmtt.fd. on input line 226.


LaTeX Font Warning: Font shape `OMS/cmtt/m/n' undefined
(Font)              using `OMS/cmsy/m/n' instead
(Font)              for symbol `textbackslash' on input line 226.

<figures/comparison/cmp_valid_palm_inflow_turb.png, id=890, 1606.0pt x 394.4737
5pt>
File: figures/comparison/cmp_valid_palm_inflow_turb.png Graphic file (type png)

<use figures/comparison/cmp_valid_palm_inflow_turb.png>
Package pdftex.def Info: figures/comparison/cmp_valid_palm_inflow_turb.png  use
d on input line 232.
(pdftex.def)             Requested size: 472.31595pt x 116.01361pt.
[55 <./figures/comparison/cmp_valid_ud_inflow_turb.png (PNG copy)> <./figures/c
omparison/cmp_valid_ud_periodic.png (PNG copy)> <./figures/comparison/cmp_valid
_ud_stateonly.png (PNG copy)>]
<figures/comparison/cmp_valid_palm_periodic.png, id=903, 1606.0pt x 394.47375pt
>
File: figures/comparison/cmp_valid_palm_periodic.png Graphic file (type png)
<use figures/comparison/cmp_valid_palm_periodic.png>
Package pdftex.def Info: figures/comparison/cmp_valid_palm_periodic.png  used o
n input line 244.
(pdftex.def)             Requested size: 472.31595pt x 116.01361pt.
<figures/comparison/cmp_valid_ud_noloc.png, id=906, 1606.0pt x 923.45pt>
File: figures/comparison/cmp_valid_ud_noloc.png Graphic file (type png)
<use figures/comparison/cmp_valid_ud_noloc.png>
Package pdftex.def Info: figures/comparison/cmp_valid_ud_noloc.png  used on inp
ut line 256.
(pdftex.def)             Requested size: 472.31595pt x 271.58403pt.
 [56 <./figures/comparison/cmp_valid_palm_inflow_turb.png (PNG copy)> <./figure
s/comparison/cmp_valid_palm_periodic.png (PNG copy)> <./figures/comparison/cmp_
valid_ud_noloc.png (PNG copy)>]
<figures/comparison/cmp_param_error_ud.png, id=919, 1606.0pt x 1157.32375pt>
File: figures/comparison/cmp_param_error_ud.png Graphic file (type png)
<use figures/comparison/cmp_param_error_ud.png>
Package pdftex.def Info: figures/comparison/cmp_param_error_ud.png  used on inp
ut line 284.
(pdftex.def)             Requested size: 472.31595pt x 340.36565pt.
<figures/comparison/cmp_param_error_palm.png, id=922, 1606.0pt x 767.86874pt>
File: figures/comparison/cmp_param_error_palm.png Graphic file (type png)
<use figures/comparison/cmp_param_error_palm.png>
Package pdftex.def Info: figures/comparison/cmp_param_error_palm.png  used on i
nput line 299.
(pdftex.def)             Requested size: 472.31595pt x 225.82802pt.
 [57 <./figures/comparison/cmp_param_error_ud.png (PNG copy)>]
<figures/comparison/cmp_marginals_ud.png, id=931, 1606.0pt x 1193.45876pt>
File: figures/comparison/cmp_marginals_ud.png Graphic file (type png)
<use figures/comparison/cmp_marginals_ud.png>
Package pdftex.def Info: figures/comparison/cmp_marginals_ud.png  used on input
 line 311.
(pdftex.def)             Requested size: 472.31595pt x 350.99284pt.
 [58 <./figures/comparison/cmp_param_error_palm.png (PNG copy)>]
<figures/comparison/cmp_marginals_palm.png, id=941, 1606.0pt x 792.9625pt>
File: figures/comparison/cmp_marginals_palm.png Graphic file (type png)
<use figures/comparison/cmp_marginals_palm.png>
Package pdftex.def Info: figures/comparison/cmp_marginals_palm.png  used on inp
ut line 325.
(pdftex.def)             Requested size: 472.31595pt x 233.20802pt.
 [59 <./figures/comparison/cmp_marginals_ud.png (PNG copy)>]
<figures/comparison/cmp_accuracy.png, id=951, 658.56038pt x 411.48732pt>
File: figures/comparison/cmp_accuracy.png Graphic file (type png)
<use figures/comparison/cmp_accuracy.png>
Package pdftex.def Info: figures/comparison/cmp_accuracy.png  used on input lin
e 339.
(pdftex.def)             Requested size: 472.31595pt x 295.1279pt.
<figures/comparison/cmp_parameters.png, id=953, 658.56038pt x 411.48732pt>
File: figures/comparison/cmp_parameters.png Graphic file (type png)
<use figures/comparison/cmp_parameters.png>
Package pdftex.def Info: figures/comparison/cmp_parameters.png  used on input l
ine 352.
(pdftex.def)             Requested size: 472.31595pt x 295.1279pt.
 [60 <./figures/comparison/cmp_marginals_palm.png (PNG copy)> <./figures/compar
ison/cmp_accuracy.png>]
<figures/comparison/cmp_calibration.png, id=960, 658.56038pt x 468.85162pt>
File: figures/comparison/cmp_calibration.png Graphic file (type png)
<use figures/comparison/cmp_calibration.png>
Package pdftex.def Info: figures/comparison/cmp_calibration.png  used on input 
line 368.
(pdftex.def)             Requested size: 472.31595pt x 336.27086pt.
 [61 <./figures/comparison/cmp_parameters.png>]
<figures/comparison/cmp_generalisation.png, id=970, 658.56038pt x 336.95888pt>
File: figures/comparison/cmp_generalisation.png Graphic file (type png)
<use figures/comparison/cmp_generalisation.png>
Package pdftex.def Info: figures/comparison/cmp_generalisation.png  used on inp
ut line 382.
(pdftex.def)             Requested size: 472.31595pt x 241.67444pt.
 [62 <./figures/comparison/cmp_calibration.png>] [63 <./figures/comparison/cmp_
generalisation.png>] [64] [65] [66]) [67] (./sections/conclusions.tex
<figures/conclusions/technique_effects.png, id=1060, 1084.05pt x 1205.4636pt>
File: figures/conclusions/technique_effects.png Graphic file (type png)
<use figures/conclusions/technique_effects.png>
Package pdftex.def Info: figures/conclusions/technique_effects.png  used on inp
ut line 100.
(pdftex.def)             Requested size: 472.31885pt x 525.21855pt.
 [68

]
[69] [70 <./figures/conclusions/technique_effects.png>] [71]) [72


] (./main.aux)
 ***********
LaTeX2e <2025-11-01>
L3 programming layer <2026-01-19>
 ***********

LaTeX Font Warning: Some font shapes were not available, defaults substituted.

Package rerunfilecheck Info: File `main.out' has not changed.
(rerunfilecheck)             Checksum: 4196DB47BFDA2B0874D3159737FEDD26;13513.
 ) 
Here is how much of TeX's memory you used:
 44137 strings out of 467525
 983311 string characters out of 5418983
 1436387 words of memory out of 5000000
 71778 multiletter control sequences out of 15000+600000
 655241 words of font info for 311 fonts, out of 8000000 for 9000
 1141 hyphenation exceptions out of 8191
 142i,15n,137p,1602b,2569s stack positions out of 10000i,1000n,20000p,200000b,200000s
</usr/local/texlive/2026/texmf-dist/fonts/type1/public/amsfonts/cm/cmbx10.pfb
></usr/local/texlive/2026/texmf-dist/fonts/type1/public/amsfonts/cm/cmbx12.pfb>
</usr/local/texlive/2026/texmf-dist/fonts/type1/public/amsfonts/cm/cmbx8.pfb></
usr/local/texlive/2026/texmf-dist/fonts/type1/public/amsfonts/cm/cmbx9.pfb></us
r/local/texlive/2026/texmf-dist/fonts/type1/public/amsfonts/cm/cmbxti10.pfb></u
sr/local/texlive/2026/texmf-dist/fonts/type1/public/amsfonts/cm/cmex10.pfb></us
r/local/texlive/2026/texmf-dist/fonts/type1/public/amsfonts/cm/cmitt10.pfb></us
r/local/texlive/2026/texmf-dist/fonts/type1/public/amsfonts/cm/cmmi10.pfb></usr
/local/texlive/2026/texmf-dist/fonts/type1/public/amsfonts/cm/cmmi6.pfb></usr/l
ocal/texlive/2026/texmf-dist/fonts/type1/public/amsfonts/cm/cmmi7.pfb></usr/loc
al/texlive/2026/texmf-dist/fonts/type1/public/amsfonts/cm/cmmi8.pfb></usr/local
/texlive/2026/texmf-dist/fonts/type1/public/amsfonts/cm/cmmi9.pfb></usr/local/t
exlive/2026/texmf-dist/fonts/type1/public/amsfonts/cm/cmr10.pfb></usr/local/tex
live/2026/texmf-dist/fonts/type1/public/amsfonts/cm/cmr12.pfb></usr/local/texli
ve/2026/texmf-dist/fonts/type1/public/amsfonts/cm/cmr17.pfb></usr/local/texlive
/2026/texmf-dist/fonts/type1/public/amsfonts/cm/cmr6.pfb></usr/local/texlive/20
26/texmf-dist/fonts/type1/public/amsfonts/cm/cmr7.pfb></usr/local/texlive/2026/
texmf-dist/fonts/type1/public/amsfonts/cm/cmr8.pfb></usr/local/texlive/2026/tex
mf-dist/fonts/type1/public/amsfonts/cm/cmr9.pfb></usr/local/texlive/2026/texmf-
dist/fonts/type1/public/amsfonts/cm/cmsy10.pfb></usr/local/texlive/2026/texmf-d
ist/fonts/type1/public/amsfonts/cm/cmsy6.pfb></usr/local/texlive/2026/texmf-dis
t/fonts/type1/public/amsfonts/cm/cmsy7.pfb></usr/local/texlive/2026/texmf-dist/
fonts/type1/public/amsfonts/cm/cmsy8.pfb></usr/local/texlive/2026/texmf-dist/fo
nts/type1/public/amsfonts/cm/cmsy9.pfb></usr/local/texlive/2026/texmf-dist/font
s/type1/public/amsfonts/cm/cmti10.pfb></usr/local/texlive/2026/texmf-dist/fonts
/type1/public/amsfonts/cm/cmti8.pfb></usr/local/texlive/2026/texmf-dist/fonts/t
ype1/public/amsfonts/cm/cmti9.pfb></usr/local/texlive/2026/texmf-dist/fonts/typ
e1/public/amsfonts/cm/cmtt10.pfb></usr/local/texlive/2026/texmf-dist/fonts/type
1/public/amsfonts/cm/cmtt8.pfb></usr/local/texlive/2026/texmf-dist/fonts/type1/
public/cm-super/sfrm1000.pfb></usr/local/texlive/2026/texmf-dist/fonts/type1/pu
blic/cm-super/sfrm1095.pfb>
Output written on main.pdf (72 pages, 30045444 bytes).
PDF statistics:
 1285 PDF objects out of 1440 (max. 8388607)
 1035 compressed objects within 11 object streams
 270 named destinations out of 1000 (max. 500000)
 57727 words of extra memory for PDF output out of 61914 (max. 10000000)

